Grammar {
    imports: [],
    productions: ProdVec(
        [
            Production {
                idx: 0,
                nonterminal: 1,
                ntidx: 0,
                kind: None,
                rhs: [
                    ResolvingAssignment {
                        name: None,
                        symbol: Resolved(
                            6,
                        ),
                        is_bool: false,
                    },
                ],
                assoc: None,
                prio: 10,
                dynamic: false,
                nops: false,
                nopse: false,
                meta: {},
            },
            Production {
                idx: 1,
                nonterminal: 2,
                ntidx: 0,
                kind: None,
                rhs: [
                    ResolvingAssignment {
                        name: None,
                        symbol: Resolved(
                            8,
                        ),
                        is_bool: false,
                    },
                    ResolvingAssignment {
                        name: None,
                        symbol: Resolved(
                            9,
                        ),
                        is_bool: false,
                    },
                ],
                assoc: None,
                prio: 10,
                dynamic: false,
                nops: false,
                nopse: false,
                meta: {},
            },
            Production {
                idx: 2,
                nonterminal: 2,
                ntidx: 1,
                kind: None,
                rhs: [
                    ResolvingAssignment {
                        name: None,
                        symbol: Resolved(
                            7,
                        ),
                        is_bool: false,
                    },
                ],
                assoc: None,
                prio: 10,
                dynamic: false,
                nops: false,
                nopse: false,
                meta: {},
            },
            Production {
                idx: 3,
                nonterminal: 3,
                ntidx: 0,
                kind: None,
                rhs: [
                    ResolvingAssignment {
                        name: None,
                        symbol: Resolved(
                            11,
                        ),
                        is_bool: false,
                    },
                ],
                assoc: None,
                prio: 10,
                dynamic: false,
                nops: false,
                nopse: false,
                meta: {},
            },
            Production {
                idx: 4,
                nonterminal: 3,
                ntidx: 1,
                kind: None,
                rhs: [],
                assoc: None,
                prio: 10,
                dynamic: false,
                nops: false,
                nopse: false,
                meta: {},
            },
            Production {
                idx: 5,
                nonterminal: 2,
                ntidx: 2,
                kind: None,
                rhs: [
                    ResolvingAssignment {
                        name: None,
                        symbol: Resolved(
                            2,
                        ),
                        is_bool: false,
                    },
                ],
                assoc: None,
                prio: 10,
                dynamic: false,
                nops: false,
                nopse: false,
                meta: {},
            },
            Production {
                idx: 6,
                nonterminal: 4,
                ntidx: 0,
                kind: None,
                rhs: [
                    ResolvingAssignment {
                        name: None,
                        symbol: Resolved(
                            9,
                        ),
                        is_bool: false,
                    },
                ],
                assoc: None,
                prio: 10,
                dynamic: false,
                nops: false,
                nopse: false,
                meta: {},
            },
            Production {
                idx: 7,
                nonterminal: 5,
                ntidx: 0,
                kind: None,
                rhs: [
                    ResolvingAssignment {
                        name: None,
                        symbol: Resolved(
                            2,
                        ),
                        is_bool: false,
                    },
                ],
                assoc: None,
                prio: 10,
                dynamic: false,
                nops: false,
                nopse: false,
                meta: {},
            },
            Production {
                idx: 8,
                nonterminal: 6,
                ntidx: 0,
                kind: None,
                rhs: [
                    ResolvingAssignment {
                        name: None,
                        symbol: Resolved(
                            11,
                        ),
                        is_bool: false,
                    },
                ],
                assoc: None,
                prio: 10,
                dynamic: false,
                nops: false,
                nopse: false,
                meta: {},
            },
            Production {
                idx: 9,
                nonterminal: 7,
                ntidx: 0,
                kind: None,
                rhs: [
                    ResolvingAssignment {
                        name: None,
                        symbol: Resolved(
                            9,
                        ),
                        is_bool: false,
                    },
                ],
                assoc: None,
                prio: 10,
                dynamic: false,
                nops: false,
                nopse: false,
                meta: {},
            },
            Production {
                idx: 10,
                nonterminal: 7,
                ntidx: 1,
                kind: None,
                rhs: [],
                assoc: None,
                prio: 10,
                dynamic: false,
                nops: false,
                nopse: false,
                meta: {},
            },
        ],
    ),
    terminals: TermVec(
        [
            Terminal {
                idx: 0,
                name: "STOP",
                annotation: None,
                recognizer: None,
                has_content: false,
                reachable: Cell {
                    value: false,
                },
                prio: 10,
                meta: {},
            },
            Terminal {
                idx: 1,
                name: "Ta",
                annotation: None,
                recognizer: Some(
                    StrConst(
                        ValLoc {
                            value: "a",
                            location: Some(
                                Location {
                                    start: LineBased(
                                        LineBased {
                                            line: 10,
                                            column: 12,
                                        },
                                    ),
                                    end: None,
                                },
                            ),
                        },
                    ),
                ),
                has_content: false,
                reachable: Cell {
                    value: false,
                },
                prio: 10,
                meta: {},
            },
            Terminal {
                idx: 2,
                name: "Tb",
                annotation: None,
                recognizer: Some(
                    StrConst(
                        ValLoc {
                            value: "b",
                            location: Some(
                                Location {
                                    start: LineBased(
                                        LineBased {
                                            line: 11,
                                            column: 12,
                                        },
                                    ),
                                    end: None,
                                },
                            ),
                        },
                    ),
                ),
                has_content: false,
                reachable: Cell {
                    value: true,
                },
                prio: 10,
                meta: {},
            },
            Terminal {
                idx: 3,
                name: "Tc",
                annotation: None,
                recognizer: Some(
                    StrConst(
                        ValLoc {
                            value: "c",
                            location: Some(
                                Location {
                                    start: LineBased(
                                        LineBased {
                                            line: 12,
                                            column: 12,
                                        },
                                    ),
                                    end: None,
                                },
                            ),
                        },
                    ),
                ),
                has_content: false,
                reachable: Cell {
                    value: false,
                },
                prio: 10,
                meta: {},
            },
        ],
    ),
    nonterminals: NonTermVec(
        [
            NonTerminal {
                idx: 0,
                name: "EMPTY",
                annotation: None,
                productions: [],
                reachable: Cell {
                    value: false,
                },
            },
            NonTerminal {
                idx: 1,
                name: "AUG",
                annotation: None,
                productions: [
                    0,
                ],
                reachable: Cell {
                    value: false,
                },
            },
            NonTerminal {
                idx: 2,
                name: "S",
                annotation: None,
                productions: [
                    1,
                    2,
                    5,
                ],
                reachable: Cell {
                    value: true,
                },
            },
            NonTerminal {
                idx: 3,
                name: "COpt",
                annotation: None,
                productions: [
                    3,
                    4,
                ],
                reachable: Cell {
                    value: true,
                },
            },
            NonTerminal {
                idx: 4,
                name: "A",
                annotation: None,
                productions: [
                    6,
                ],
                reachable: Cell {
                    value: true,
                },
            },
            NonTerminal {
                idx: 5,
                name: "B",
                annotation: None,
                productions: [
                    7,
                ],
                reachable: Cell {
                    value: true,
                },
            },
            NonTerminal {
                idx: 6,
                name: "D",
                annotation: None,
                productions: [
                    8,
                ],
                reachable: Cell {
                    value: false,
                },
            },
            NonTerminal {
                idx: 7,
                name: "C",
                annotation: None,
                productions: [
                    9,
                    10,
                ],
                reachable: Cell {
                    value: true,
                },
            },
        ],
    ),
    nonterm_by_name: {
        "A": 8,
        "AUG": 5,
        "B": 9,
        "C": 11,
        "COpt": 7,
        "D": 10,
        "EMPTY": 4,
        "S": 6,
    },
    term_by_name: {
        "STOP": 0,
        "Ta": 1,
        "Tb": 2,
        "Tc": 3,
    },
    empty_index: 4,
    stop_index: 0,
    augmented_index: 5,
    augmented_layout_index: None,
    start_index: 6,
}