Grammar {
    imports: [],
    productions: ProdVec(
        [
            Production {
                idx: 0,
                nonterminal: 1,
                ntidx: 0,
                kind: None,
                rhs: [
                    ResolvingAssignment {
                        name: None,
                        symbol: ResolvingSymbolIndex {
                            index: Some(
                                6,
                            ),
                            symbol: Name(
                                ValSpan {
                                    value: "S",
                                    span: None,
                                },
                            ),
                        },
                        is_bool: false,
                    },
                ],
                assoc: None,
                prio: 10,
                dynamic: false,
                nops: false,
                nopse: false,
                meta: {},
            },
            Production {
                idx: 1,
                nonterminal: 2,
                ntidx: 0,
                kind: None,
                rhs: [
                    ResolvingAssignment {
                        name: None,
                        symbol: ResolvingSymbolIndex {
                            index: Some(
                                1,
                            ),
                            symbol: StrConst(
                                ValSpan {
                                    value: "first_term",
                                    span: Some(
                                        [12(2,11)-24(2,23)],
                                    ),
                                },
                            ),
                        },
                        is_bool: false,
                    },
                    ResolvingAssignment {
                        name: None,
                        symbol: ResolvingSymbolIndex {
                            index: Some(
                                7,
                            ),
                            symbol: Name(
                                ValSpan {
                                    value: "A",
                                    span: Some(
                                        [25(2,24)-26(2,25)],
                                    ),
                                },
                            ),
                        },
                        is_bool: false,
                    },
                    ResolvingAssignment {
                        name: None,
                        symbol: ResolvingSymbolIndex {
                            index: Some(
                                2,
                            ),
                            symbol: StrConst(
                                ValSpan {
                                    value: "second_term",
                                    span: Some(
                                        [27(2,26)-40(2,39)],
                                    ),
                                },
                            ),
                        },
                        is_bool: false,
                    },
                    ResolvingAssignment {
                        name: None,
                        symbol: ResolvingSymbolIndex {
                            index: Some(
                                1,
                            ),
                            symbol: StrConst(
                                ValSpan {
                                    value: "first_term",
                                    span: Some(
                                        [41(2,40)-53(2,52)],
                                    ),
                                },
                            ),
                        },
                        is_bool: false,
                    },
                ],
                assoc: None,
                prio: 10,
                dynamic: false,
                nops: false,
                nopse: false,
                meta: {},
            },
            Production {
                idx: 2,
                nonterminal: 3,
                ntidx: 0,
                kind: None,
                rhs: [
                    ResolvingAssignment {
                        name: None,
                        symbol: ResolvingSymbolIndex {
                            index: Some(
                                3,
                            ),
                            symbol: Name(
                                ValSpan {
                                    value: "third_term",
                                    span: Some(
                                        [66(3,11)-76(3,21)],
                                    ),
                                },
                            ),
                        },
                        is_bool: false,
                    },
                    ResolvingAssignment {
                        name: None,
                        symbol: ResolvingSymbolIndex {
                            index: Some(
                                3,
                            ),
                            symbol: StrConst(
                                ValSpan {
                                    value: "third_term",
                                    span: Some(
                                        [77(3,22)-89(3,34)],
                                    ),
                                },
                            ),
                        },
                        is_bool: false,
                    },
                    ResolvingAssignment {
                        name: None,
                        symbol: ResolvingSymbolIndex {
                            index: Some(
                                1,
                            ),
                            symbol: StrConst(
                                ValSpan {
                                    value: "first_term",
                                    span: Some(
                                        [90(3,35)-102(3,47)],
                                    ),
                                },
                            ),
                        },
                        is_bool: false,
                    },
                    ResolvingAssignment {
                        name: None,
                        symbol: ResolvingSymbolIndex {
                            index: Some(
                                2,
                            ),
                            symbol: Name(
                                ValSpan {
                                    value: "second_term",
                                    span: Some(
                                        [103(3,48)-114(3,59)],
                                    ),
                                },
                            ),
                        },
                        is_bool: false,
                    },
                ],
                assoc: None,
                prio: 10,
                dynamic: false,
                nops: false,
                nopse: false,
                meta: {},
            },
        ],
    ),
    terminals: TermVec(
        [
            Terminal {
                idx: 0,
                name: "STOP",
                annotation: None,
                recognizer: None,
                has_content: false,
                reachable: Cell {
                    value: false,
                },
                prio: 100,
                assoc: None,
                meta: {},
            },
            Terminal {
                idx: 1,
                name: "first_term",
                annotation: None,
                recognizer: Some(
                    StrConst(
                        ValSpan {
                            value: "first_term",
                            span: Some(
                                [154(5,20)-166(5,32)],
                            ),
                        },
                    ),
                ),
                has_content: false,
                reachable: Cell {
                    value: true,
                },
                prio: 10,
                assoc: None,
                meta: {},
            },
            Terminal {
                idx: 2,
                name: "second_term",
                annotation: None,
                recognizer: Some(
                    StrConst(
                        ValSpan {
                            value: "second_term",
                            span: Some(
                                [189(6,21)-202(6,34)],
                            ),
                        },
                    ),
                ),
                has_content: false,
                reachable: Cell {
                    value: true,
                },
                prio: 10,
                assoc: None,
                meta: {},
            },
            Terminal {
                idx: 3,
                name: "third_term",
                annotation: None,
                recognizer: Some(
                    StrConst(
                        ValSpan {
                            value: "third_term",
                            span: Some(
                                [224(7,20)-236(7,32)],
                            ),
                        },
                    ),
                ),
                has_content: false,
                reachable: Cell {
                    value: true,
                },
                prio: 10,
                assoc: None,
                meta: {},
            },
        ],
    ),
    nonterminals: NonTermVec(
        [
            NonTerminal {
                idx: 0,
                name: "EMPTY",
                annotation: None,
                productions: [],
                reachable: Cell {
                    value: false,
                },
            },
            NonTerminal {
                idx: 1,
                name: "AUG",
                annotation: None,
                productions: [
                    0,
                ],
                reachable: Cell {
                    value: false,
                },
            },
            NonTerminal {
                idx: 2,
                name: "S",
                annotation: None,
                productions: [
                    1,
                ],
                reachable: Cell {
                    value: true,
                },
            },
            NonTerminal {
                idx: 3,
                name: "A",
                annotation: None,
                productions: [
                    2,
                ],
                reachable: Cell {
                    value: true,
                },
            },
        ],
    ),
    nonterm_by_name: {
        "A": 7,
        "AUG": 5,
        "EMPTY": 4,
        "S": 6,
    },
    term_by_name: {
        "STOP": 0,
        "first_term": 1,
        "second_term": 2,
        "third_term": 3,
    },
    empty_index: 4,
    stop_index: 0,
    augmented_index: 5,
    augmented_layout_index: None,
    start_index: 6,
}