Grammar {
    imports: [],
    productions: ProdVec(
        [
            Production {
                idx: 0,
                nonterminal: 1,
                ntidx: 0,
                kind: None,
                rhs: [
                    ResolvingAssignment {
                        name: None,
                        symbol: ResolvingSymbolIndex {
                            index: Some(
                                4,
                            ),
                            symbol: Name(
                                ValLoc {
                                    value: "S",
                                    location: None,
                                },
                            ),
                        },
                        is_bool: false,
                    },
                ],
                assoc: None,
                prio: 10,
                dynamic: false,
                nops: false,
                nopse: false,
                meta: {},
            },
            Production {
                idx: 1,
                nonterminal: 2,
                ntidx: 0,
                kind: None,
                rhs: [
                    ResolvingAssignment {
                        name: None,
                        symbol: ResolvingSymbolIndex {
                            index: Some(
                                5,
                            ),
                            symbol: Name(
                                ValLoc {
                                    value: "A",
                                    location: Some(
                                        [2,11-2,12],
                                    ),
                                },
                            ),
                        },
                        is_bool: false,
                    },
                    ResolvingAssignment {
                        name: None,
                        symbol: ResolvingSymbolIndex {
                            index: Some(
                                1,
                            ),
                            symbol: StrConst(
                                ValLoc {
                                    value: "some_term",
                                    location: Some(
                                        [2,13-2,24],
                                    ),
                                },
                            ),
                        },
                        is_bool: false,
                    },
                    ResolvingAssignment {
                        name: None,
                        symbol: ResolvingSymbolIndex {
                            index: Some(
                                6,
                            ),
                            symbol: Name(
                                ValLoc {
                                    value: "B",
                                    location: Some(
                                        [2,25-2,26],
                                    ),
                                },
                            ),
                        },
                        is_bool: false,
                    },
                ],
                assoc: None,
                prio: 5,
                dynamic: false,
                nops: false,
                nopse: false,
                meta: {},
            },
            Production {
                idx: 2,
                nonterminal: 2,
                ntidx: 1,
                kind: None,
                rhs: [
                    ResolvingAssignment {
                        name: None,
                        symbol: ResolvingSymbolIndex {
                            index: Some(
                                6,
                            ),
                            symbol: Name(
                                ValLoc {
                                    value: "B",
                                    location: Some(
                                        [2,33-2,34],
                                    ),
                                },
                            ),
                        },
                        is_bool: false,
                    },
                ],
                assoc: None,
                prio: 10,
                dynamic: false,
                nops: true,
                nopse: false,
                meta: {},
            },
            Production {
                idx: 3,
                nonterminal: 3,
                ntidx: 0,
                kind: None,
                rhs: [
                    ResolvingAssignment {
                        name: None,
                        symbol: ResolvingSymbolIndex {
                            index: Some(
                                6,
                            ),
                            symbol: Name(
                                ValLoc {
                                    value: "B",
                                    location: Some(
                                        [3,11-3,12],
                                    ),
                                },
                            ),
                        },
                        is_bool: false,
                    },
                ],
                assoc: None,
                prio: 10,
                dynamic: false,
                nops: false,
                nopse: true,
                meta: {
                    "bla": Int(
                        ValLoc {
                            value: 5,
                            location: Some(
                                [3,26-3,27],
                            ),
                        },
                    ),
                },
            },
            Production {
                idx: 4,
                nonterminal: 4,
                ntidx: 0,
                kind: None,
                rhs: [
                    ResolvingAssignment {
                        name: None,
                        symbol: ResolvingSymbolIndex {
                            index: Some(
                                1,
                            ),
                            symbol: Name(
                                ValLoc {
                                    value: "some_term",
                                    location: Some(
                                        [4,11-4,20],
                                    ),
                                },
                            ),
                        },
                        is_bool: false,
                    },
                ],
                assoc: Right,
                prio: 10,
                dynamic: false,
                nops: false,
                nopse: false,
                meta: {},
            },
        ],
    ),
    terminals: TermVec(
        [
            Terminal {
                idx: 0,
                name: "STOP",
                annotation: None,
                recognizer: None,
                has_content: false,
                reachable: Cell {
                    value: false,
                },
                prio: 100,
                assoc: None,
                meta: {},
            },
            Terminal {
                idx: 1,
                name: "some_term",
                annotation: None,
                recognizer: Some(
                    StrConst(
                        ValLoc {
                            value: "some_term",
                            location: Some(
                                [6,19-6,30],
                            ),
                        },
                    ),
                ),
                has_content: false,
                reachable: Cell {
                    value: true,
                },
                prio: 10,
                assoc: None,
                meta: {},
            },
        ],
    ),
    nonterminals: NonTermVec(
        [
            NonTerminal {
                idx: 0,
                name: "EMPTY",
                annotation: None,
                productions: [],
                reachable: Cell {
                    value: false,
                },
            },
            NonTerminal {
                idx: 1,
                name: "AUG",
                annotation: None,
                productions: [
                    0,
                ],
                reachable: Cell {
                    value: false,
                },
            },
            NonTerminal {
                idx: 2,
                name: "S",
                annotation: None,
                productions: [
                    1,
                    2,
                ],
                reachable: Cell {
                    value: true,
                },
            },
            NonTerminal {
                idx: 3,
                name: "A",
                annotation: None,
                productions: [
                    3,
                ],
                reachable: Cell {
                    value: true,
                },
            },
            NonTerminal {
                idx: 4,
                name: "B",
                annotation: None,
                productions: [
                    4,
                ],
                reachable: Cell {
                    value: true,
                },
            },
        ],
    ),
    nonterm_by_name: {
        "A": 5,
        "AUG": 3,
        "B": 6,
        "EMPTY": 2,
        "S": 4,
    },
    term_by_name: {
        "STOP": 0,
        "some_term": 1,
    },
    empty_index: 2,
    stop_index: 0,
    augmented_index: 3,
    augmented_layout_index: None,
    start_index: 4,
}