Grammar {
    imports: [],
    productions: ProdVec(
        [
            Production {
                idx: 0,
                nonterminal: 1,
                ntidx: 0,
                kind: None,
                rhs: [
                    ResolvingAssignment {
                        name: None,
                        symbol: ResolvingSymbolIndex {
                            index: Some(
                                7,
                            ),
                            symbol: Name(
                                ValSpan {
                                    value: "S",
                                    span: None,
                                },
                            ),
                        },
                        is_bool: false,
                    },
                ],
                assoc: None,
                prio: 10,
                dynamic: false,
                nops: false,
                nopse: false,
                meta: {},
            },
            Production {
                idx: 1,
                nonterminal: 2,
                ntidx: 0,
                kind: None,
                rhs: [
                    ResolvingAssignment {
                        name: None,
                        symbol: ResolvingSymbolIndex {
                            index: Some(
                                1,
                            ),
                            symbol: StrConst(
                                ValSpan {
                                    value: "foo",
                                    span: Some(
                                        [12(2,11)-17(2,16)],
                                    ),
                                },
                            ),
                        },
                        is_bool: false,
                    },
                    ResolvingAssignment {
                        name: None,
                        symbol: ResolvingSymbolIndex {
                            index: Some(
                                3,
                            ),
                            symbol: Name(
                                ValSpan {
                                    value: "rmatch_term",
                                    span: Some(
                                        [18(2,17)-29(2,28)],
                                    ),
                                },
                            ),
                        },
                        is_bool: false,
                    },
                    ResolvingAssignment {
                        name: None,
                        symbol: ResolvingSymbolIndex {
                            index: Some(
                                8,
                            ),
                            symbol: Name(
                                ValSpan {
                                    value: "A",
                                    span: Some(
                                        [30(2,29)-31(2,30)],
                                    ),
                                },
                            ),
                        },
                        is_bool: false,
                    },
                ],
                assoc: None,
                prio: 10,
                dynamic: false,
                nops: false,
                nopse: false,
                meta: {},
            },
            Production {
                idx: 2,
                nonterminal: 3,
                ntidx: 0,
                kind: None,
                rhs: [
                    ResolvingAssignment {
                        name: None,
                        symbol: ResolvingSymbolIndex {
                            index: Some(
                                2,
                            ),
                            symbol: StrConst(
                                ValSpan {
                                    value: "some",
                                    span: Some(
                                        [44(3,11)-50(3,17)],
                                    ),
                                },
                            ),
                        },
                        is_bool: false,
                    },
                    ResolvingAssignment {
                        name: None,
                        symbol: ResolvingSymbolIndex {
                            index: Some(
                                4,
                            ),
                            symbol: Name(
                                ValSpan {
                                    value: "more_regex",
                                    span: Some(
                                        [51(3,18)-61(3,28)],
                                    ),
                                },
                            ),
                        },
                        is_bool: false,
                    },
                ],
                assoc: None,
                prio: 10,
                dynamic: false,
                nops: false,
                nopse: false,
                meta: {},
            },
        ],
    ),
    terminals: TermVec(
        [
            Terminal {
                idx: 0,
                name: "STOP",
                annotation: None,
                recognizer: None,
                has_content: false,
                reachable: Cell {
                    value: false,
                },
                prio: 100,
                assoc: None,
                meta: {},
            },
            Terminal {
                idx: 1,
                name: "foo",
                annotation: None,
                recognizer: Some(
                    StrConst(
                        ValSpan {
                            value: "foo",
                            span: Some(
                                [94(5,13)-99(5,18)],
                            ),
                        },
                    ),
                ),
                has_content: false,
                reachable: Cell {
                    value: true,
                },
                prio: 10,
                assoc: None,
                meta: {},
            },
            Terminal {
                idx: 2,
                name: "some",
                annotation: None,
                recognizer: Some(
                    StrConst(
                        ValSpan {
                            value: "some",
                            span: Some(
                                [115(6,14)-121(6,20)],
                            ),
                        },
                    ),
                ),
                has_content: false,
                reachable: Cell {
                    value: true,
                },
                prio: 10,
                assoc: None,
                meta: {},
            },
            Terminal {
                idx: 3,
                name: "rmatch_term",
                annotation: None,
                recognizer: Some(
                    RegexTerm(
                        ValSpan {
                            value: "\"[^\"]+\"",
                            span: Some(
                                [144(7,21)-153(7,30)],
                            ),
                        },
                    ),
                ),
                has_content: true,
                reachable: Cell {
                    value: true,
                },
                prio: 10,
                assoc: None,
                meta: {},
            },
            Terminal {
                idx: 4,
                name: "more_regex",
                annotation: None,
                recognizer: Some(
                    RegexTerm(
                        ValSpan {
                            value: "\\d{2,5}",
                            span: Some(
                                [175(8,20)-184(8,29)],
                            ),
                        },
                    ),
                ),
                has_content: true,
                reachable: Cell {
                    value: true,
                },
                prio: 10,
                assoc: None,
                meta: {},
            },
        ],
    ),
    nonterminals: NonTermVec(
        [
            NonTerminal {
                idx: 0,
                name: "EMPTY",
                annotation: None,
                productions: [],
                reachable: Cell {
                    value: false,
                },
            },
            NonTerminal {
                idx: 1,
                name: "AUG",
                annotation: None,
                productions: [
                    0,
                ],
                reachable: Cell {
                    value: false,
                },
            },
            NonTerminal {
                idx: 2,
                name: "S",
                annotation: None,
                productions: [
                    1,
                ],
                reachable: Cell {
                    value: true,
                },
            },
            NonTerminal {
                idx: 3,
                name: "A",
                annotation: None,
                productions: [
                    2,
                ],
                reachable: Cell {
                    value: true,
                },
            },
        ],
    ),
    nonterm_by_name: {
        "A": 8,
        "AUG": 6,
        "EMPTY": 5,
        "S": 7,
    },
    term_by_name: {
        "STOP": 0,
        "foo": 1,
        "more_regex": 4,
        "rmatch_term": 3,
        "some": 2,
    },
    empty_index: 5,
    stop_index: 0,
    augmented_index: 6,
    augmented_layout_index: None,
    start_index: 7,
}