Grammar {
    imports: [],
    productions: ProdVec(
        [
            Production {
                idx: 0,
                nonterminal: 1,
                ntidx: 0,
                kind: None,
                rhs: [
                    ResolvingAssignment {
                        name: None,
                        symbol: ResolvingSymbolIndex {
                            index: Some(
                                6,
                            ),
                            symbol: Name(
                                ValSpan {
                                    value: "S",
                                    span: None,
                                },
                            ),
                        },
                        is_bool: false,
                    },
                ],
                assoc: None,
                prio: 10,
                dynamic: false,
                nops: false,
                nopse: false,
                meta: {},
            },
            Production {
                idx: 1,
                nonterminal: 2,
                ntidx: 0,
                kind: None,
                rhs: [
                    ResolvingAssignment {
                        name: None,
                        symbol: ResolvingSymbolIndex {
                            index: Some(
                                8,
                            ),
                            symbol: Name(
                                ValSpan {
                                    value: "A",
                                    span: Some(
                                        [12(2,11)-13(2,12)],
                                    ),
                                },
                            ),
                        },
                        is_bool: false,
                    },
                    ResolvingAssignment {
                        name: None,
                        symbol: ResolvingSymbolIndex {
                            index: Some(
                                9,
                            ),
                            symbol: Name(
                                ValSpan {
                                    value: "B",
                                    span: Some(
                                        [14(2,13)-15(2,14)],
                                    ),
                                },
                            ),
                        },
                        is_bool: false,
                    },
                ],
                assoc: None,
                prio: 10,
                dynamic: false,
                nops: false,
                nopse: false,
                meta: {},
            },
            Production {
                idx: 2,
                nonterminal: 2,
                ntidx: 1,
                kind: None,
                rhs: [
                    ResolvingAssignment {
                        name: None,
                        symbol: ResolvingSymbolIndex {
                            index: Some(
                                7,
                            ),
                            symbol: Name(
                                ValSpan {
                                    value: "COpt",
                                    span: Some(
                                        [18(2,17)-19(2,18)],
                                    ),
                                },
                            ),
                        },
                        is_bool: false,
                    },
                ],
                assoc: None,
                prio: 10,
                dynamic: false,
                nops: false,
                nopse: false,
                meta: {},
            },
            Production {
                idx: 3,
                nonterminal: 3,
                ntidx: 0,
                kind: None,
                rhs: [
                    ResolvingAssignment {
                        name: None,
                        symbol: ResolvingSymbolIndex {
                            index: Some(
                                11,
                            ),
                            symbol: Name(
                                ValSpan {
                                    value: "C",
                                    span: Some(
                                        [18(2,17)-19(2,18)],
                                    ),
                                },
                            ),
                        },
                        is_bool: false,
                    },
                ],
                assoc: None,
                prio: 10,
                dynamic: false,
                nops: false,
                nopse: false,
                meta: {},
            },
            Production {
                idx: 4,
                nonterminal: 3,
                ntidx: 1,
                kind: None,
                rhs: [],
                assoc: None,
                prio: 10,
                dynamic: false,
                nops: false,
                nopse: false,
                meta: {},
            },
            Production {
                idx: 5,
                nonterminal: 2,
                ntidx: 2,
                kind: None,
                rhs: [
                    ResolvingAssignment {
                        name: None,
                        symbol: ResolvingSymbolIndex {
                            index: Some(
                                2,
                            ),
                            symbol: Name(
                                ValSpan {
                                    value: "Tb",
                                    span: Some(
                                        [23(2,22)-25(2,24)],
                                    ),
                                },
                            ),
                        },
                        is_bool: false,
                    },
                ],
                assoc: None,
                prio: 10,
                dynamic: false,
                nops: false,
                nopse: false,
                meta: {},
            },
            Production {
                idx: 6,
                nonterminal: 4,
                ntidx: 0,
                kind: None,
                rhs: [
                    ResolvingAssignment {
                        name: None,
                        symbol: ResolvingSymbolIndex {
                            index: Some(
                                9,
                            ),
                            symbol: Name(
                                ValSpan {
                                    value: "B",
                                    span: Some(
                                        [38(3,11)-39(3,12)],
                                    ),
                                },
                            ),
                        },
                        is_bool: false,
                    },
                ],
                assoc: None,
                prio: 10,
                dynamic: false,
                nops: false,
                nopse: false,
                meta: {},
            },
            Production {
                idx: 7,
                nonterminal: 5,
                ntidx: 0,
                kind: None,
                rhs: [
                    ResolvingAssignment {
                        name: None,
                        symbol: ResolvingSymbolIndex {
                            index: Some(
                                2,
                            ),
                            symbol: Name(
                                ValSpan {
                                    value: "Tb",
                                    span: Some(
                                        [52(4,11)-54(4,13)],
                                    ),
                                },
                            ),
                        },
                        is_bool: false,
                    },
                ],
                assoc: None,
                prio: 10,
                dynamic: false,
                nops: false,
                nopse: false,
                meta: {},
            },
            Production {
                idx: 8,
                nonterminal: 6,
                ntidx: 0,
                kind: None,
                rhs: [
                    ResolvingAssignment {
                        name: None,
                        symbol: ResolvingSymbolIndex {
                            index: Some(
                                11,
                            ),
                            symbol: Name(
                                ValSpan {
                                    value: "C",
                                    span: Some(
                                        [101(6,11)-102(6,12)],
                                    ),
                                },
                            ),
                        },
                        is_bool: false,
                    },
                ],
                assoc: None,
                prio: 10,
                dynamic: false,
                nops: false,
                nopse: false,
                meta: {},
            },
            Production {
                idx: 9,
                nonterminal: 7,
                ntidx: 0,
                kind: None,
                rhs: [
                    ResolvingAssignment {
                        name: None,
                        symbol: ResolvingSymbolIndex {
                            index: Some(
                                9,
                            ),
                            symbol: Name(
                                ValSpan {
                                    value: "B",
                                    span: Some(
                                        [115(7,11)-116(7,12)],
                                    ),
                                },
                            ),
                        },
                        is_bool: false,
                    },
                ],
                assoc: None,
                prio: 10,
                dynamic: false,
                nops: false,
                nopse: false,
                meta: {},
            },
            Production {
                idx: 10,
                nonterminal: 7,
                ntidx: 1,
                kind: None,
                rhs: [],
                assoc: None,
                prio: 10,
                dynamic: false,
                nops: false,
                nopse: false,
                meta: {},
            },
        ],
    ),
    terminals: TermVec(
        [
            Terminal {
                idx: 0,
                name: "STOP",
                annotation: None,
                recognizer: None,
                has_content: false,
                reachable: Cell {
                    value: false,
                },
                prio: 100,
                assoc: None,
                meta: {},
            },
            Terminal {
                idx: 1,
                name: "Ta",
                annotation: None,
                recognizer: Some(
                    StrConst(
                        ValSpan {
                            value: "a",
                            span: Some(
                                [157(10,12)-160(10,15)],
                            ),
                        },
                    ),
                ),
                has_content: false,
                reachable: Cell {
                    value: false,
                },
                prio: 10,
                assoc: None,
                meta: {},
            },
            Terminal {
                idx: 2,
                name: "Tb",
                annotation: None,
                recognizer: Some(
                    StrConst(
                        ValSpan {
                            value: "b",
                            span: Some(
                                [191(11,12)-194(11,15)],
                            ),
                        },
                    ),
                ),
                has_content: false,
                reachable: Cell {
                    value: true,
                },
                prio: 10,
                assoc: None,
                meta: {},
            },
            Terminal {
                idx: 3,
                name: "Tc",
                annotation: None,
                recognizer: Some(
                    StrConst(
                        ValSpan {
                            value: "c",
                            span: Some(
                                [223(12,12)-226(12,15)],
                            ),
                        },
                    ),
                ),
                has_content: false,
                reachable: Cell {
                    value: false,
                },
                prio: 10,
                assoc: None,
                meta: {},
            },
        ],
    ),
    nonterminals: NonTermVec(
        [
            NonTerminal {
                idx: 0,
                name: "EMPTY",
                annotation: None,
                productions: [],
                reachable: Cell {
                    value: false,
                },
            },
            NonTerminal {
                idx: 1,
                name: "AUG",
                annotation: None,
                productions: [
                    0,
                ],
                reachable: Cell {
                    value: false,
                },
            },
            NonTerminal {
                idx: 2,
                name: "S",
                annotation: None,
                productions: [
                    1,
                    2,
                    5,
                ],
                reachable: Cell {
                    value: true,
                },
            },
            NonTerminal {
                idx: 3,
                name: "COpt",
                annotation: None,
                productions: [
                    3,
                    4,
                ],
                reachable: Cell {
                    value: true,
                },
            },
            NonTerminal {
                idx: 4,
                name: "A",
                annotation: None,
                productions: [
                    6,
                ],
                reachable: Cell {
                    value: true,
                },
            },
            NonTerminal {
                idx: 5,
                name: "B",
                annotation: None,
                productions: [
                    7,
                ],
                reachable: Cell {
                    value: true,
                },
            },
            NonTerminal {
                idx: 6,
                name: "D",
                annotation: None,
                productions: [
                    8,
                ],
                reachable: Cell {
                    value: false,
                },
            },
            NonTerminal {
                idx: 7,
                name: "C",
                annotation: None,
                productions: [
                    9,
                    10,
                ],
                reachable: Cell {
                    value: true,
                },
            },
        ],
    ),
    nonterm_by_name: {
        "A": 8,
        "AUG": 5,
        "B": 9,
        "C": 11,
        "COpt": 7,
        "D": 10,
        "EMPTY": 4,
        "S": 6,
    },
    term_by_name: {
        "STOP": 0,
        "Ta": 1,
        "Tb": 2,
        "Tc": 3,
    },
    empty_index: 4,
    stop_index: 0,
    augmented_index: 5,
    augmented_layout_index: None,
    start_index: 6,
}